[2026-09-18T15:07:31.935Z] STEP goto home
[2026-09-18T15:07:36.719Z] HOME url= https://web-staging-7901.up.railway.app/ title= "Home · Fikirtive"
[2026-09-18T15:07:36.719Z] IDENTITY {"isLogin":false,"hasB":false,"hasFounder":false}
[2026-09-18T15:07:36.719Z] HOME-TEXT-HEAD "fikirtive\nWorkspace\nHome\nCreate\nLibrary\nBrand\nSettings\n11 credits\nWorkspace\nHome\nAsk Otto\nE\nHome\nCustomize home\nOnline sales\nLast 30 days\nContinue creating\n\nPick up a recent canvas, or start from a fresh outcome.\n\nCreate one premium product photo for my Malaysian cafe: a fictional coral-orange\nNew canvas\nCreate something new\nConnect marketing data to see your health\nHome reads performance from your Meta ad accounts. Connect Instagram or Facebook in Connections to see your own numbers here.\nManage connections"
[2026-09-18T15:07:38.373Z] ACCOUNT-MENU "E2E Café tester 中文\ntools+e2e20260908@belcort.com\nProfile\nSign out\nBuild e81366f8"
[2026-09-18T15:07:38.887Z] IDENTITY2 {"isTenantB":true,"looksFounder":false}
[2026-09-18T15:07:38.888Z] STEP goto canvas
[2026-09-18T15:07:45.434Z] CANVAS url= https://web-staging-7901.up.railway.app/create/canvas
[2026-09-18T15:07:45.435Z] CANVAS-TEXT-HEAD "Create\nCreate one premium product photo for my Malaysian cafe: a fictional coral-orange\n11 credits\nImage\nAdd Aisyah — a young Malaysian woman — holding the mug…\nv1\nImage\nA premium travel mug in coral-orange with a plain cream…\nv1\nVideo\nThat didn't finish\nReal human faces aren't supported yet. Pick a cast member from your Library instead. You weren't charged.\nEditorial lifestyle, photorealistic, premium café…\nOtto\nReady\n\nInstagram's Help Centre pages are JavaScript-rendered, so they return only raw styling code when read this way — no readable text comes through. I can't pull their official article text directly. Here's what I can honestly share, drawn from well-established, publicly documented Instagram specs:\n\nInstagram portrait photo sizes — what you need to know\nThe official numbers (long-standing, widely documented)\n\nInstagram supports three aspect ratios for feed photos:\n\nShape\tRatio\tPixel size\nPortrait ✅\t4:5\t1080 × 1350 px\nSquare\t1:1\t1080 × 1080 px\nLandscape\t1.91:1\t1080 × 566 px\n\n4:5 is Instagram's official portrait ratio — it is the tallest shape the feed allows before Instagram automatically crops your image. Anything taller (like 3:4 or 9:16) gets cropped to 4:5.\n\nTwo pages to check yourself\n\nInstagram's own documentation lives here — these are the real URLs, though my reading tool couldn't extract the text today:\n\nhttps://help.instagram.com/1631821640426723 — Instagram photo/video format specs\nhttps://help.instagram.com/1038059752823450 — sharing photos and videos o"
[2026-09-18T15:07:45.455Z] CANVAS-NODES {"nodeCount":3,"imgCount":2}
[2026-09-18T15:07:45.563Z] STEP select an image card
[2026-09-18T15:07:45.564Z] IMAGE-NODE-COUNT 2
[2026-09-18T15:07:45.566Z] CARD-ORDER [1,0]
[2026-09-18T15:07:46.861Z] CARD 1 has Create variations
[2026-09-18T15:07:46.927Z] DIALOG-TEXT "Make another one like this?\n\nCost: 1 credit. No charge until you confirm.\n\nImages\n1\nShape\n3:4\nFrom\nA premium travel mug in coral-orange with a plain cream lid, no logo, no text, no branding anywhere on the mug or lid. The setting is Warm neutral tabletop surface, minimal and clean café background, shallow depth of field. The style is High-end product photography, editorial, photorealistic, the light is Soft diffused natural window light from the left, warm golden undertones, gentle shadow on the right, the color palette is Coral-orange mug, cream lid, warm neutral beige and sand tones. Shot with Medium close-up, 85mm prime lens, slight tilt for dynamic composition. The mood is Premium, warm, inviting, café lifestyle. Matte or brushed finish on the mug body, smooth cream lid with no text or markings, crisp product edges. Keep the frame free of subtitles, captions, and watermarks.\nCancel\nGenerate · 1 credit\nClose"
[2026-09-18T15:07:46.938Z] QUOTE-READY "Generate · 1 credit"
[2026-09-18T15:07:46.940Z] GEN-BUTTON-LABEL "Generate · 1 credit"
[2026-09-18T15:07:46.940Z] READY-AWAITING-GO
[2026-09-18T15:10:35.039Z] GO-SEEN 2026-09-18T15:10:35.039Z
[2026-09-18T15:10:35.084Z] SUBMIT-CLICKED 2026-09-18T15:10:35.084Z
[2026-09-18T15:10:36.203Z] FIRST-PROGRESS 2026-09-18T15:10:36.203Z
[2026-09-18T15:11:14.470Z] IMAGE-VISIBLE 2026-09-18T15:11:14.470Z imgs 3
[2026-09-18T15:11:14.543Z] END-TEXT-HEAD "Create\nCreate one premium product photo for my Malaysian cafe: a fictional coral-orange\n10 credits\nImage\nA premium travel mug in coral-orange with a plain cream…\nv1\nEdit with Otto\nCreate variations\nAnimate\nDownload\nOtto\nDone\n\nMade 1 image · 1 credit.\n\nConversation\n23\nAdd context\nEnter to send\nSend"
[2026-09-18T15:11:14.543Z] RESULT {"goSeen":"2026-09-18T15:10:35.039Z","submitClicked":"2026-09-18T15:10:35.084Z","firstProgress":"2026-09-18T15:10:36.203Z","imageVisible":"2026-09-18T15:11:14.470Z","baselineImgs":2,"finalImgs":3,"dialogText":"Make another one like this?\n\nCost: 1 credit. No charge until you confirm.\n\nImages\n1\nShape\n3:4\nFrom\nA premium travel mug in coral-orange with a plain cream lid, no logo, no text, no branding anywhere on the mug or lid. The setting is Warm neutral tabletop surface, minimal and clean café background, shallow depth of field. The style is High-end product photography, editorial, photorealistic, the light is Soft diffused natural window light from the left, warm golden undertones, gentle shadow on the right, the color palette is Coral-orange mug, cream lid, warm neutral beige and sand tones. Shot with Medium close-up, 85mm prime lens, slight tilt for dynamic composition. The mood is Premium, warm, inviting, café lifestyle. Matte or brushed finish on the mug body, smooth cream lid with no text or markings, crisp product edges. Keep the frame free of subtitles, captions, and watermarks.\nCancel\nGenerate · 1 credit\nClose","genLabel":"Generate · 1 credit"}
[2026-09-18T15:11:14.543Z] RUN-DONE
