Loaded Prisma config from prisma.config.ts.

Prisma schema loaded from prisma/schema.prisma.
Datasource "db": PostgreSQL database "round3_worker_29644e3cec20_test", schema "public" at "127.0.0.1:5432"

114 migrations found in prisma/migrations

Applying migration `20260610094603_init`
Applying migration `20260611031534_auth_models`
Applying migration `20260611035054_render_job`
Applying migration `20260611040248_render_job_audit_fields`
Applying migration `20260611052751_project_edit_render_source`
Applying migration `20260611103209_phase2_refgen`
Applying migration `20260611155343_redesign_genjob`
Applying migration `20260611182330_shot_scene`
Applying migration `20260612022502_genjob_source_generation`
Applying migration `20260612024936_genjob_tail_frame`
Applying migration `20260612063242_genjob_video_options`
Applying migration `20260612095250_shot_segment_frames`
Applying migration `20260612120000_shot_transition`
Applying migration `20260612130000_genjob_spent`
Applying migration `20260612140000_genjob_idempotency`
Applying migration `20260613000000_generation_shot_version_unique`
Applying migration `20260614000000_model_directive`
Applying migration `20260615024341_reference_base_variants`
Applying migration `20260615120000_refgen_active_uniqueness`
Applying migration `20260615124202_cowork_threads`
Applying migration `20260615151750_cowork_plan2_schema`
Applying migration `20260616100000_cowork_reply_to_message`
Applying migration `20260616200000_cowork_context_store_seams`
Applying migration `20260617000000_genjob_cowork_idempotency_once`
Applying migration `20260617120000_runtime_config`
Applying migration `20260617130000_model_registry_overlay`
Applying migration `20260617140000_spend_ledger`
Applying migration `20260617150000_user_role`
Applying migration `20260618120000_caption_transcript`
Applying migration `20260619120000_org_tenant`
Applying migration `20260619130000_credits`
Applying migration `20260619140000_drop_owner_default`
Applying migration `20260620120000_scale_indexes`
Applying migration `20260621120000_tenant_admin`
Applying migration `20260621130000_entitytype_brandmark`
Applying migration `20260623120000_otto_state`
Applying migration `20260623130000_genjob_otto_verdict`
Applying migration `20260624195638_v1_additive`
Applying migration `20260625142140_better_auth`
Applying migration `20260626050012_ba_admin_fields`
Applying migration `20260626120000_genjob_owner_status_idx`
Applying migration `20260626210452_add_canvas_node`
Applying migration `20260627073640_generation_favorite`
Applying migration `20260627084320_brand_kit_rules`
Applying migration `20260627120000_canvas_node_thread_id`
Applying migration `20260627130000_generation_library_idx`
Applying migration `20260628120000_review_fixes_indexes`
Applying migration `20260628140000_meta_connection`
Applying migration `20260628150000_g7_ad_write`
Applying migration `20260629000000_g7v2_build`
Applying migration `20260630_org_settings`
Applying migration `20260702_gen_job_reference_video`
Applying migration `20260702000000_storyboard_card`
Applying migration `20260702114921_brand_record`
Applying migration `20260703000000_reference_image_live_uniqueness`
Applying migration `20260703000000_web_page_cache`
Applying migration `20260703010000_research_kinds`
Applying migration `20260703020000_research_job`
Applying migration `20260703030000_performance_card`
Applying migration `20260703030000_schedule_data_model`
Applying migration `20260704110850_worker_heartbeat`
Applying migration `20260706010000_global_library_indexes`
Applying migration `20260706070000_project_thread_controls`
Applying migration `20260710111648_l0_measurement_primitives`
Applying migration `20260710120000_meta_connection_publish_caps`
Applying migration `20260710130000_publish_attempt_creation_id`
Applying migration `20260712090000_approval_card_kind`
Applying migration `20260713100000_channel_connection`
Applying migration `20260713110000_posting_time_seed`
Applying migration `20260713120000_share_preview_token`
Applying migration `20260713130000_channel_connection_publish_paused`
Applying migration `20260714100000_b8_phase1_campaign_crm`
Applying migration `20260719120000_m1_channel_scope`
Applying migration `20260719130000_m_consent_batch`
Applying migration `20260720160000_c4b_m1_inbox_storage`
Applying migration `20260721100000_c5_m1_broadcast_frequency_storage`
Applying migration `20260722100000_c6_m1_message_delivery_carriers`
Applying migration `20260722130000_c7_m1_workflow_carriers`
Applying migration `20260803110000_permission_assignments`
Applying migration `20260803120000_creative_tenant_foreign_keys`
Applying migration `20260803130000_remaining_tenant_foreign_keys`
Applying migration `20260805090000_t3_canvas_node_status_check`
Applying migration `20260805120000_t4_canvas_batch_identity`
Applying migration `20260805140000_t1_gen_image_options`
Applying migration `20260807100000_gen_job_model_drop_default`
Applying migration `20260808100000_segment_name_unique_per_owner`
Applying migration `20260809100000_contact_identity_verification_grade`
Applying migration `20260811100000_backup_run`
Applying migration `20260811100000_rate_limit_storage`
Applying migration `20260811120000_worker_heartbeat_deploy_identity`
Applying migration `20260812100000_generation_receipts`
Applying migration `20260813075143_otto_foundation_879_pin_columns`
Applying migration `20260813100000_asset_understanding`
Applying migration `20260813100000_gen_job_approved_entities`
Applying migration `20260813100000_gen_job_last_frame_asset`
Applying migration `20260814120000_sent_prompt_receipt`
Applying migration `20260816062300_delete_l0_legacy_auth_dead_schema`
Applying migration `20260818140000_understanding_paused_and_404_recovery`
Applying migration `20260818170000_understanding_spend_day`
Applying migration `20260819090000_c2_drop_dead_columns`
Applying migration `20260901150000_understanding_billing_snapshot_and_paused_balance`
Applying migration `20260902090000_generation_route_reason`
Applying migration `20260902120000_entity_catalog_key`
Applying migration `20260903120000_brand_five_sections_context`
Applying migration `20260903120000_org_home_layout`
Applying migration `20260903130000_library_favorites_and_collections`
Applying migration `20260905090000_otto_turn_trace`
Applying migration `20260905140000_chat_message_reference_refs`
Applying migration `20260910120000_brand_product_identity`
Applying migration `20260910120000_retire_password_credentials`
Applying migration `20260910140000_brand_product_data_identity_gate`
Applying migration `20260910190000_signup_grant_claim`
Applying migration `20260912090000_genjob_asset_idempotency_once`
Applying migration `20260912200852_tenant_slice5_fk_backfill`

The following migration(s) have been applied:

migrations/
  └─ 20260610094603_init/
    └─ migration.sql
  └─ 20260611031534_auth_models/
    └─ migration.sql
  └─ 20260611035054_render_job/
    └─ migration.sql
  └─ 20260611040248_render_job_audit_fields/
    └─ migration.sql
  └─ 20260611052751_project_edit_render_source/
    └─ migration.sql
  └─ 20260611103209_phase2_refgen/
    └─ migration.sql
  └─ 20260611155343_redesign_genjob/
    └─ migration.sql
  └─ 20260611182330_shot_scene/
    └─ migration.sql
  └─ 20260612022502_genjob_source_generation/
    └─ migration.sql
  └─ 20260612024936_genjob_tail_frame/
    └─ migration.sql
  └─ 20260612063242_genjob_video_options/
    └─ migration.sql
  └─ 20260612095250_shot_segment_frames/
    └─ migration.sql
  └─ 20260612120000_shot_transition/
    └─ migration.sql
  └─ 20260612130000_genjob_spent/
    └─ migration.sql
  └─ 20260612140000_genjob_idempotency/
    └─ migration.sql
  └─ 20260613000000_generation_shot_version_unique/
    └─ migration.sql
  └─ 20260614000000_model_directive/
    └─ migration.sql
  └─ 20260615024341_reference_base_variants/
    └─ migration.sql
  └─ 20260615120000_refgen_active_uniqueness/
    └─ migration.sql
  └─ 20260615124202_cowork_threads/
    └─ migration.sql
  └─ 20260615151750_cowork_plan2_schema/
    └─ migration.sql
  └─ 20260616100000_cowork_reply_to_message/
    └─ migration.sql
  └─ 20260616200000_cowork_context_store_seams/
    └─ migration.sql
  └─ 20260617000000_genjob_cowork_idempotency_once/
    └─ migration.sql
  └─ 20260617120000_runtime_config/
    └─ migration.sql
  └─ 20260617130000_model_registry_overlay/
    └─ migration.sql
  └─ 20260617140000_spend_ledger/
    └─ migration.sql
  └─ 20260617150000_user_role/
    └─ migration.sql
  └─ 20260618120000_caption_transcript/
    └─ migration.sql
  └─ 20260619120000_org_tenant/
    └─ migration.sql
  └─ 20260619130000_credits/
    └─ migration.sql
  └─ 20260619140000_drop_owner_default/
    └─ migration.sql
  └─ 20260620120000_scale_indexes/
    └─ migration.sql
  └─ 20260621120000_tenant_admin/
    └─ migration.sql
  └─ 20260621130000_entitytype_brandmark/
    └─ migration.sql
  └─ 20260623120000_otto_state/
    └─ migration.sql
  └─ 20260623130000_genjob_otto_verdict/
    └─ migration.sql
  └─ 20260624195638_v1_additive/
    └─ migration.sql
  └─ 20260625142140_better_auth/
    └─ migration.sql
  └─ 20260626050012_ba_admin_fields/
    └─ migration.sql
  └─ 20260626120000_genjob_owner_status_idx/
    └─ migration.sql
  └─ 20260626210452_add_canvas_node/
    └─ migration.sql
  └─ 20260627073640_generation_favorite/
    └─ migration.sql
  └─ 20260627084320_brand_kit_rules/
    └─ migration.sql
  └─ 20260627120000_canvas_node_thread_id/
    └─ migration.sql
  └─ 20260627130000_generation_library_idx/
    └─ migration.sql
  └─ 20260628120000_review_fixes_indexes/
    └─ migration.sql
  └─ 20260628140000_meta_connection/
    └─ migration.sql
  └─ 20260628150000_g7_ad_write/
    └─ migration.sql
  └─ 20260629000000_g7v2_build/
    └─ migration.sql
  └─ 20260630_org_settings/
    └─ migration.sql
  └─ 20260702_gen_job_reference_video/
    └─ migration.sql
  └─ 20260702000000_storyboard_card/
    └─ migration.sql
  └─ 20260702114921_brand_record/
    └─ migration.sql
  └─ 20260703000000_reference_image_live_uniqueness/
    └─ migration.sql
  └─ 20260703000000_web_page_cache/
    └─ migration.sql
  └─ 20260703010000_research_kinds/
    └─ migration.sql
  └─ 20260703020000_research_job/
    └─ migration.sql
  └─ 20260703030000_performance_card/
    └─ migration.sql
  └─ 20260703030000_schedule_data_model/
    └─ migration.sql
  └─ 20260704110850_worker_heartbeat/
    └─ migration.sql
  └─ 20260706010000_global_library_indexes/
    └─ migration.sql
  └─ 20260706070000_project_thread_controls/
    └─ migration.sql
  └─ 20260710111648_l0_measurement_primitives/
    └─ migration.sql
  └─ 20260710120000_meta_connection_publish_caps/
    └─ migration.sql
  └─ 20260710130000_publish_attempt_creation_id/
    └─ migration.sql
  └─ 20260712090000_approval_card_kind/
    └─ migration.sql
  └─ 20260713100000_channel_connection/
    └─ migration.sql
  └─ 20260713110000_posting_time_seed/
    └─ migration.sql
  └─ 20260713120000_share_preview_token/
    └─ migration.sql
  └─ 20260713130000_channel_connection_publish_paused/
    └─ migration.sql
  └─ 20260714100000_b8_phase1_campaign_crm/
    └─ migration.sql
  └─ 20260719120000_m1_channel_scope/
    └─ migration.sql
  └─ 20260719130000_m_consent_batch/
    └─ migration.sql
  └─ 20260720160000_c4b_m1_inbox_storage/
    └─ migration.sql
  └─ 20260721100000_c5_m1_broadcast_frequency_storage/
    └─ migration.sql
  └─ 20260722100000_c6_m1_message_delivery_carriers/
    └─ migration.sql
  └─ 20260722130000_c7_m1_workflow_carriers/
    └─ migration.sql
  └─ 20260803110000_permission_assignments/
    └─ migration.sql
  └─ 20260803120000_creative_tenant_foreign_keys/
    └─ migration.sql
  └─ 20260803130000_remaining_tenant_foreign_keys/
    └─ migration.sql
  └─ 20260805090000_t3_canvas_node_status_check/
    └─ migration.sql
  └─ 20260805120000_t4_canvas_batch_identity/
    └─ migration.sql
  └─ 20260805140000_t1_gen_image_options/
    └─ migration.sql
  └─ 20260807100000_gen_job_model_drop_default/
    └─ migration.sql
  └─ 20260808100000_segment_name_unique_per_owner/
    └─ migration.sql
  └─ 20260809100000_contact_identity_verification_grade/
    └─ migration.sql
  └─ 20260811100000_backup_run/
    └─ migration.sql
  └─ 20260811100000_rate_limit_storage/
    └─ migration.sql
  └─ 20260811120000_worker_heartbeat_deploy_identity/
    └─ migration.sql
  └─ 20260812100000_generation_receipts/
    └─ migration.sql
  └─ 20260813075143_otto_foundation_879_pin_columns/
    └─ migration.sql
  └─ 20260813100000_asset_understanding/
    └─ migration.sql
  └─ 20260813100000_gen_job_approved_entities/
    └─ migration.sql
  └─ 20260813100000_gen_job_last_frame_asset/
    └─ migration.sql
  └─ 20260814120000_sent_prompt_receipt/
    └─ migration.sql
  └─ 20260816062300_delete_l0_legacy_auth_dead_schema/
    └─ migration.sql
  └─ 20260818140000_understanding_paused_and_404_recovery/
    └─ migration.sql
  └─ 20260818170000_understanding_spend_day/
    └─ migration.sql
  └─ 20260819090000_c2_drop_dead_columns/
    └─ migration.sql
  └─ 20260901150000_understanding_billing_snapshot_and_paused_balance/
    └─ migration.sql
  └─ 20260902090000_generation_route_reason/
    └─ migration.sql
  └─ 20260902120000_entity_catalog_key/
    └─ migration.sql
  └─ 20260903120000_brand_five_sections_context/
    └─ migration.sql
  └─ 20260903120000_org_home_layout/
    └─ migration.sql
  └─ 20260903130000_library_favorites_and_collections/
    └─ migration.sql
  └─ 20260905090000_otto_turn_trace/
    └─ migration.sql
  └─ 20260905140000_chat_message_reference_refs/
    └─ migration.sql
  └─ 20260910120000_brand_product_identity/
    └─ migration.sql
  └─ 20260910120000_retire_password_credentials/
    └─ migration.sql
  └─ 20260910140000_brand_product_data_identity_gate/
    └─ migration.sql
  └─ 20260910190000_signup_grant_claim/
    └─ migration.sql
  └─ 20260912090000_genjob_asset_idempotency_once/
    └─ migration.sql
  └─ 20260912200852_tenant_slice5_fk_backfill/
    └─ migration.sql

All migrations have been successfully applied.
